#-----------------------------------------------------------
# Vivado v2020.1 (64-bit)
# SW Build 2902540 on Wed May 27 19:54:49 MDT 2020
# IP Build 2902112 on Wed May 27 22:43:36 MDT 2020
# Start of session at: Tue Dec 30 10:47:32 2025
# Process ID: 42024
# Current directory: E:/BaiduNetdiskDownload/AXU3EG/course_s2/13_ps_axi_gpio/vivado4
# Command line: vivado.exe -gui_launcher_event rodinguilauncherevent66456 E:\BaiduNetdiskDownload\AXU3EG\course_s2\13_ps_axi_gpio\vivado4\ps_axi_gpio.xpr
# Log file: E:/BaiduNetdiskDownload/AXU3EG/course_s2/13_ps_axi_gpio/vivado4/vivado.log
# Journal file: E:/BaiduNetdiskDownload/AXU3EG/course_s2/13_ps_axi_gpio/vivado4\vivado.jou
#-----------------------------------------------------------
start_gui
open_project E:/BaiduNetdiskDownload/AXU3EG/course_s2/13_ps_axi_gpio/vivado4/ps_axi_gpio.xpr
update_compile_order -fileset sources_1
open_bd_design {E:/BaiduNetdiskDownload/AXU3EG/course_s2/13_ps_axi_gpio/vivado4/ps_axi_gpio.srcs/sources_1/bd/design_1/design_1.bd}
